2026/04/24 11:32:02 [notice] 1#1: using the "epoll" event method
2026/04/24 11:32:02 [notice] 1#1: nginx/1.25.5
2026/04/24 11:32:02 [notice] 1#1: built by gcc 13.2.1 20231014 (Alpine 13.2.1_git20231014) 
2026/04/24 11:32:02 [notice] 1#1: OS: Linux 5.15.153.1-microsoft-standard-WSL2
2026/04/24 11:32:02 [notice] 1#1: getrlimit(RLIMIT_NOFILE): 1048576:1048576
2026/04/24 11:32:02 [notice] 1#1: start worker processes
2026/04/24 11:32:02 [notice] 1#1: start worker process 21
2026/04/24 11:32:02 [notice] 1#1: start worker process 22
2026/04/24 11:32:02 [notice] 1#1: start worker process 23
2026/04/24 11:32:02 [notice] 1#1: start worker process 24
2026/04/24 11:32:02 [notice] 1#1: start worker process 25
2026/04/24 11:32:02 [notice] 1#1: start worker process 26
2026/04/24 11:32:02 [notice] 1#1: start worker process 27
2026/04/24 11:32:02 [notice] 1#1: start worker process 28
2026/04/24 11:33:33 [notice] 1#1: signal 3 (SIGQUIT) received, shutting down
2026/04/24 11:33:33 [notice] 21#21: gracefully shutting down
2026/04/24 11:33:33 [notice] 22#22: gracefully shutting down
2026/04/24 11:33:33 [notice] 25#25: gracefully shutting down
2026/04/24 11:33:33 [notice] 23#23: gracefully shutting down
2026/04/24 11:33:33 [notice] 24#24: gracefully shutting down
2026/04/24 11:33:33 [notice] 27#27: gracefully shutting down
2026/04/24 11:33:33 [notice] 27#27: exiting
2026/04/24 11:33:33 [notice] 28#28: gracefully shutting down
2026/04/24 11:33:33 [notice] 26#26: gracefully shutting down
2026/04/24 11:33:33 [notice] 21#21: exiting
2026/04/24 11:33:33 [notice] 22#22: exiting
2026/04/24 11:33:33 [notice] 23#23: exiting
2026/04/24 11:33:33 [notice] 24#24: exiting
2026/04/24 11:33:33 [notice] 25#25: exiting
2026/04/24 11:33:33 [notice] 27#27: exit
2026/04/24 11:33:33 [notice] 28#28: exiting
2026/04/24 11:33:33 [notice] 26#26: exiting
2026/04/24 11:33:33 [notice] 21#21: exit
2026/04/24 11:33:33 [notice] 22#22: exit
2026/04/24 11:33:33 [notice] 23#23: exit
2026/04/24 11:33:33 [notice] 24#24: exit
2026/04/24 11:33:33 [notice] 25#25: exit
2026/04/24 11:33:33 [notice] 28#28: exit
2026/04/24 11:33:33 [notice] 26#26: exit
2026/04/24 11:33:33 [notice] 1#1: signal 17 (SIGCHLD) received from 25
2026/04/24 11:33:33 [notice] 1#1: worker process 23 exited with code 0
2026/04/24 11:33:33 [notice] 1#1: worker process 21 exited with code 0
2026/04/24 11:33:33 [notice] 1#1: worker process 22 exited with code 0
2026/04/24 11:33:33 [notice] 1#1: worker process 24 exited with code 0
2026/04/24 11:33:33 [notice] 1#1: worker process 25 exited with code 0
2026/04/24 11:33:33 [notice] 1#1: worker process 26 exited with code 0
2026/04/24 11:33:33 [notice] 1#1: signal 29 (SIGIO) received
2026/04/24 11:33:33 [notice] 1#1: signal 17 (SIGCHLD) received from 24
2026/04/24 11:33:33 [notice] 1#1: signal 17 (SIGCHLD) received from 27
2026/04/24 11:33:33 [notice] 1#1: worker process 27 exited with code 0
2026/04/24 11:33:33 [notice] 1#1: worker process 28 exited with code 0
2026/04/24 11:33:33 [notice] 1#1: exit
2026/04/24 11:33:34 [notice] 1#1: using the "epoll" event method
2026/04/24 11:33:34 [notice] 1#1: nginx/1.25.5
2026/04/24 11:33:34 [notice] 1#1: built by gcc 13.2.1 20231014 (Alpine 13.2.1_git20231014) 
2026/04/24 11:33:34 [notice] 1#1: OS: Linux 5.15.153.1-microsoft-standard-WSL2
2026/04/24 11:33:34 [notice] 1#1: getrlimit(RLIMIT_NOFILE): 1048576:1048576
2026/04/24 11:33:34 [notice] 1#1: start worker processes
2026/04/24 11:33:34 [notice] 1#1: start worker process 20
2026/04/24 11:33:34 [notice] 1#1: start worker process 21
2026/04/24 11:33:34 [notice] 1#1: start worker process 22
2026/04/24 11:33:34 [notice] 1#1: start worker process 23
2026/04/24 11:33:34 [notice] 1#1: start worker process 24
2026/04/24 11:33:34 [notice] 1#1: start worker process 25
2026/04/24 11:33:34 [notice] 1#1: start worker process 26
2026/04/24 11:33:34 [notice] 1#1: start worker process 27
2026/04/24 11:41:03 [error] 21#21: *2 open() "/var/www/html/public/favicon.ico" failed (2: No such file or directory), client: 172.21.0.1, server: localhost, request: "GET /favicon.ico HTTP/1.1", host: "localhost:8080", referrer: "http://localhost:8080/health"
2026/04/24 11:59:45 [notice] 1#1: signal 3 (SIGQUIT) received, shutting down
2026/04/24 11:59:45 [notice] 25#25: gracefully shutting down
2026/04/24 11:59:45 [notice] 21#21: gracefully shutting down
2026/04/24 11:59:45 [notice] 22#22: gracefully shutting down
2026/04/24 11:59:45 [notice] 21#21: exiting
2026/04/24 11:59:45 [notice] 20#20: gracefully shutting down
2026/04/24 11:59:45 [notice] 26#26: gracefully shutting down
2026/04/24 11:59:45 [notice] 23#23: gracefully shutting down
2026/04/24 11:59:45 [notice] 27#27: gracefully shutting down
2026/04/24 11:59:45 [notice] 24#24: gracefully shutting down
2026/04/24 11:59:45 [notice] 25#25: exiting
2026/04/24 11:59:45 [notice] 22#22: exiting
2026/04/24 11:59:45 [notice] 21#21: exit
2026/04/24 11:59:45 [notice] 20#20: exiting
2026/04/24 11:59:45 [notice] 26#26: exiting
2026/04/24 11:59:45 [notice] 23#23: exiting
2026/04/24 11:59:45 [notice] 27#27: exiting
2026/04/24 11:59:45 [notice] 24#24: exiting
2026/04/24 11:59:45 [notice] 25#25: exit
2026/04/24 11:59:45 [notice] 22#22: exit
2026/04/24 11:59:45 [notice] 20#20: exit
2026/04/24 11:59:45 [notice] 26#26: exit
2026/04/24 11:59:45 [notice] 23#23: exit
2026/04/24 11:59:45 [notice] 27#27: exit
2026/04/24 11:59:45 [notice] 24#24: exit
2026/04/24 11:59:45 [notice] 1#1: signal 17 (SIGCHLD) received from 20
2026/04/24 11:59:45 [notice] 1#1: worker process 20 exited with code 0
2026/04/24 11:59:45 [notice] 1#1: worker process 26 exited with code 0
2026/04/24 11:59:45 [notice] 1#1: worker process 27 exited with code 0
2026/04/24 11:59:45 [notice] 1#1: signal 29 (SIGIO) received
2026/04/24 11:59:45 [notice] 1#1: signal 17 (SIGCHLD) received from 25
2026/04/24 11:59:45 [notice] 1#1: worker process 25 exited with code 0
2026/04/24 11:59:45 [notice] 1#1: signal 29 (SIGIO) received
2026/04/24 11:59:45 [notice] 1#1: signal 17 (SIGCHLD) received from 23
2026/04/24 11:59:45 [notice] 1#1: worker process 21 exited with code 0
2026/04/24 11:59:45 [notice] 1#1: worker process 22 exited with code 0
2026/04/24 11:59:45 [notice] 1#1: worker process 23 exited with code 0
2026/04/24 11:59:45 [notice] 1#1: worker process 24 exited with code 0
2026/04/24 11:59:45 [notice] 1#1: exit
2026/04/24 12:05:15 [notice] 1#1: using the "epoll" event method
2026/04/24 12:05:15 [notice] 1#1: nginx/1.25.5
2026/04/24 12:05:15 [notice] 1#1: built by gcc 13.2.1 20231014 (Alpine 13.2.1_git20231014) 
2026/04/24 12:05:15 [notice] 1#1: OS: Linux 5.15.153.1-microsoft-standard-WSL2
2026/04/24 12:05:15 [notice] 1#1: getrlimit(RLIMIT_NOFILE): 1048576:1048576
2026/04/24 12:05:15 [notice] 1#1: start worker processes
2026/04/24 12:05:15 [notice] 1#1: start worker process 21
2026/04/24 12:05:15 [notice] 1#1: start worker process 22
2026/04/24 12:05:15 [notice] 1#1: start worker process 23
2026/04/24 12:05:15 [notice] 1#1: start worker process 24
2026/04/24 12:05:15 [notice] 1#1: start worker process 25
2026/04/24 12:05:15 [notice] 1#1: start worker process 26
2026/04/24 12:05:15 [notice] 1#1: start worker process 27
2026/04/24 12:05:15 [notice] 1#1: start worker process 28
2026/04/24 12:07:31 [notice] 1#1: signal 3 (SIGQUIT) received, shutting down
2026/04/24 12:07:31 [notice] 26#26: gracefully shutting down
2026/04/24 12:07:31 [notice] 26#26: exiting
2026/04/24 12:07:31 [notice] 27#27: gracefully shutting down
2026/04/24 12:07:31 [notice] 26#26: exit
2026/04/24 12:07:31 [notice] 21#21: gracefully shutting down
2026/04/24 12:07:31 [notice] 25#25: gracefully shutting down
2026/04/24 12:07:31 [notice] 23#23: gracefully shutting down
2026/04/24 12:07:31 [notice] 21#21: exiting
2026/04/24 12:07:31 [notice] 28#28: gracefully shutting down
2026/04/24 12:07:31 [notice] 21#21: exit
2026/04/24 12:07:31 [notice] 22#22: gracefully shutting down
2026/04/24 12:07:31 [notice] 24#24: gracefully shutting down
2026/04/24 12:07:31 [notice] 27#27: exiting
2026/04/24 12:07:31 [notice] 24#24: exiting
2026/04/24 12:07:31 [notice] 25#25: exiting
2026/04/24 12:07:31 [notice] 23#23: exiting
2026/04/24 12:07:31 [notice] 23#23: exit
2026/04/24 12:07:31 [notice] 28#28: exiting
2026/04/24 12:07:31 [notice] 22#22: exiting
2026/04/24 12:07:31 [notice] 24#24: exit
2026/04/24 12:07:31 [notice] 27#27: exit
2026/04/24 12:07:31 [notice] 25#25: exit
2026/04/24 12:07:31 [notice] 22#22: exit
2026/04/24 12:07:31 [notice] 28#28: exit
2026/04/24 12:07:31 [notice] 1#1: signal 17 (SIGCHLD) received from 26
2026/04/24 12:07:31 [notice] 1#1: worker process 26 exited with code 0
2026/04/24 12:07:31 [notice] 1#1: signal 29 (SIGIO) received
2026/04/24 12:07:31 [notice] 1#1: signal 17 (SIGCHLD) received from 27
2026/04/24 12:07:31 [notice] 1#1: worker process 21 exited with code 0
2026/04/24 12:07:31 [notice] 1#1: worker process 22 exited with code 0
2026/04/24 12:07:31 [notice] 1#1: worker process 23 exited with code 0
2026/04/24 12:07:31 [notice] 1#1: worker process 27 exited with code 0
2026/04/24 12:07:31 [notice] 1#1: signal 29 (SIGIO) received
2026/04/24 12:07:31 [notice] 1#1: signal 17 (SIGCHLD) received from 22
2026/04/24 12:07:31 [notice] 1#1: signal 17 (SIGCHLD) received from 24
2026/04/24 12:07:31 [notice] 1#1: worker process 24 exited with code 0
2026/04/24 12:07:31 [notice] 1#1: worker process 25 exited with code 0
2026/04/24 12:07:31 [notice] 1#1: worker process 28 exited with code 0
2026/04/24 12:07:31 [notice] 1#1: exit
2026/04/24 12:07:49 [notice] 1#1: using the "epoll" event method
2026/04/24 12:07:49 [notice] 1#1: nginx/1.25.5
2026/04/24 12:07:49 [notice] 1#1: built by gcc 13.2.1 20231014 (Alpine 13.2.1_git20231014) 
2026/04/24 12:07:49 [notice] 1#1: OS: Linux 5.15.153.1-microsoft-standard-WSL2
2026/04/24 12:07:49 [notice] 1#1: getrlimit(RLIMIT_NOFILE): 1048576:1048576
2026/04/24 12:07:49 [notice] 1#1: start worker processes
2026/04/24 12:07:49 [notice] 1#1: start worker process 21
2026/04/24 12:07:49 [notice] 1#1: start worker process 22
2026/04/24 12:07:49 [notice] 1#1: start worker process 23
2026/04/24 12:07:49 [notice] 1#1: start worker process 24
2026/04/24 12:07:49 [notice] 1#1: start worker process 25
2026/04/24 12:07:49 [notice] 1#1: start worker process 26
2026/04/24 12:07:49 [notice] 1#1: start worker process 27
2026/04/24 12:07:49 [notice] 1#1: start worker process 28
2026/04/24 12:10:20 [notice] 1#1: signal 3 (SIGQUIT) received, shutting down
2026/04/24 12:10:20 [notice] 22#22: gracefully shutting down
2026/04/24 12:10:20 [notice] 28#28: gracefully shutting down
2026/04/24 12:10:20 [notice] 25#25: gracefully shutting down
2026/04/24 12:10:20 [notice] 26#26: gracefully shutting down
2026/04/24 12:10:20 [notice] 26#26: exiting
2026/04/24 12:10:20 [notice] 23#23: gracefully shutting down
2026/04/24 12:10:20 [notice] 21#21: gracefully shutting down
2026/04/24 12:10:20 [notice] 24#24: gracefully shutting down
2026/04/24 12:10:20 [notice] 27#27: gracefully shutting down
2026/04/24 12:10:20 [notice] 22#22: exiting
2026/04/24 12:10:20 [notice] 28#28: exiting
2026/04/24 12:10:20 [notice] 25#25: exiting
2026/04/24 12:10:20 [notice] 26#26: exit
2026/04/24 12:10:20 [notice] 23#23: exiting
2026/04/24 12:10:20 [notice] 21#21: exiting
2026/04/24 12:10:20 [notice] 24#24: exiting
2026/04/24 12:10:20 [notice] 27#27: exiting
2026/04/24 12:10:20 [notice] 22#22: exit
2026/04/24 12:10:20 [notice] 28#28: exit
2026/04/24 12:10:20 [notice] 25#25: exit
2026/04/24 12:10:20 [notice] 23#23: exit
2026/04/24 12:10:20 [notice] 21#21: exit
2026/04/24 12:10:20 [notice] 24#24: exit
2026/04/24 12:10:20 [notice] 27#27: exit
2026/04/24 12:10:20 [notice] 1#1: signal 17 (SIGCHLD) received from 22
2026/04/24 12:10:20 [notice] 1#1: worker process 22 exited with code 0
2026/04/24 12:10:20 [notice] 1#1: signal 29 (SIGIO) received
2026/04/24 12:10:20 [notice] 1#1: signal 17 (SIGCHLD) received from 28
2026/04/24 12:10:20 [notice] 1#1: worker process 23 exited with code 0
2026/04/24 12:10:20 [notice] 1#1: worker process 25 exited with code 0
2026/04/24 12:10:20 [notice] 1#1: worker process 26 exited with code 0
2026/04/24 12:10:20 [notice] 1#1: worker process 28 exited with code 0
2026/04/24 12:10:20 [notice] 1#1: signal 29 (SIGIO) received
2026/04/24 12:10:20 [notice] 1#1: signal 17 (SIGCHLD) received from 25
2026/04/24 12:10:20 [notice] 1#1: signal 17 (SIGCHLD) received from 27
2026/04/24 12:10:20 [notice] 1#1: worker process 24 exited with code 0
2026/04/24 12:10:20 [notice] 1#1: worker process 27 exited with code 0
2026/04/24 12:10:20 [notice] 1#1: worker process 21 exited with code 0
2026/04/24 12:10:20 [notice] 1#1: exit
2026/04/24 12:10:30 [notice] 1#1: using the "epoll" event method
2026/04/24 12:10:30 [notice] 1#1: nginx/1.25.5
2026/04/24 12:10:30 [notice] 1#1: built by gcc 13.2.1 20231014 (Alpine 13.2.1_git20231014) 
2026/04/24 12:10:30 [notice] 1#1: OS: Linux 5.15.153.1-microsoft-standard-WSL2
2026/04/24 12:10:30 [notice] 1#1: getrlimit(RLIMIT_NOFILE): 1048576:1048576
2026/04/24 12:10:30 [notice] 1#1: start worker processes
2026/04/24 12:10:30 [notice] 1#1: start worker process 21
2026/04/24 12:10:30 [notice] 1#1: start worker process 22
2026/04/24 12:10:30 [notice] 1#1: start worker process 23
2026/04/24 12:10:30 [notice] 1#1: start worker process 24
2026/04/24 12:10:30 [notice] 1#1: start worker process 25
2026/04/24 12:10:30 [notice] 1#1: start worker process 26
2026/04/24 12:10:30 [notice] 1#1: start worker process 27
2026/04/24 12:10:30 [notice] 1#1: start worker process 28
2026/04/24 12:12:54 [error] 23#23: *5 connect() failed (113: Host is unreachable) while connecting to upstream, client: 172.21.0.1, server: localhost, request: "GET /health HTTP/1.1", upstream: "fastcgi://172.21.0.4:9000", host: "127.0.0.1:8080"
2026/04/24 12:13:25 [notice] 1#1: signal 3 (SIGQUIT) received, shutting down
2026/04/24 12:13:25 [notice] 22#22: gracefully shutting down
2026/04/24 12:13:25 [notice] 24#24: gracefully shutting down
2026/04/24 12:13:25 [notice] 21#21: gracefully shutting down
2026/04/24 12:13:25 [notice] 25#25: gracefully shutting down
2026/04/24 12:13:25 [notice] 25#25: exiting
2026/04/24 12:13:25 [notice] 26#26: gracefully shutting down
2026/04/24 12:13:25 [notice] 27#27: gracefully shutting down
2026/04/24 12:13:25 [notice] 27#27: exiting
2026/04/24 12:13:25 [notice] 23#23: gracefully shutting down
2026/04/24 12:13:25 [notice] 23#23: exiting
2026/04/24 12:13:25 [notice] 22#22: exiting
2026/04/24 12:13:25 [notice] 22#22: exit
2026/04/24 12:13:25 [notice] 24#24: exiting
2026/04/24 12:13:25 [notice] 24#24: exit
2026/04/24 12:13:25 [notice] 21#21: exiting
2026/04/24 12:13:25 [notice] 28#28: gracefully shutting down
2026/04/24 12:13:25 [notice] 25#25: exit
2026/04/24 12:13:25 [notice] 26#26: exiting
2026/04/24 12:13:25 [notice] 27#27: exit
2026/04/24 12:13:25 [notice] 26#26: exit
2026/04/24 12:13:25 [notice] 23#23: exit
2026/04/24 12:13:25 [notice] 21#21: exit
2026/04/24 12:13:25 [notice] 28#28: exiting
2026/04/24 12:13:25 [notice] 28#28: exit
2026/04/24 12:13:25 [notice] 1#1: signal 17 (SIGCHLD) received from 22
2026/04/24 12:13:25 [notice] 1#1: worker process 22 exited with code 0
2026/04/24 12:13:25 [notice] 1#1: signal 29 (SIGIO) received
2026/04/24 12:13:25 [notice] 1#1: signal 17 (SIGCHLD) received from 24
2026/04/24 12:13:25 [notice] 1#1: worker process 24 exited with code 0
2026/04/24 12:13:25 [notice] 1#1: worker process 25 exited with code 0
2026/04/24 12:13:25 [notice] 1#1: worker process 26 exited with code 0
2026/04/24 12:13:25 [notice] 1#1: signal 29 (SIGIO) received
2026/04/24 12:13:26 [notice] 1#1: signal 17 (SIGCHLD) received from 28
2026/04/24 12:13:26 [notice] 1#1: worker process 23 exited with code 0
2026/04/24 12:13:26 [notice] 1#1: worker process 28 exited with code 0
2026/04/24 12:13:26 [notice] 1#1: signal 29 (SIGIO) received
2026/04/24 12:13:26 [notice] 1#1: signal 17 (SIGCHLD) received from 23
2026/04/24 12:13:26 [notice] 1#1: signal 17 (SIGCHLD) received from 21
2026/04/24 12:13:26 [notice] 1#1: worker process 21 exited with code 0
2026/04/24 12:13:26 [notice] 1#1: worker process 27 exited with code 0
2026/04/24 12:13:26 [notice] 1#1: exit
2026/04/24 12:13:43 [notice] 1#1: using the "epoll" event method
2026/04/24 12:13:43 [notice] 1#1: nginx/1.25.5
2026/04/24 12:13:43 [notice] 1#1: built by gcc 13.2.1 20231014 (Alpine 13.2.1_git20231014) 
2026/04/24 12:13:43 [notice] 1#1: OS: Linux 5.15.153.1-microsoft-standard-WSL2
2026/04/24 12:13:43 [notice] 1#1: getrlimit(RLIMIT_NOFILE): 1048576:1048576
2026/04/24 12:13:43 [notice] 1#1: start worker processes
2026/04/24 12:13:43 [notice] 1#1: start worker process 21
2026/04/24 12:13:43 [notice] 1#1: start worker process 22
2026/04/24 12:13:43 [notice] 1#1: start worker process 23
2026/04/24 12:13:43 [notice] 1#1: start worker process 24
2026/04/24 12:13:43 [notice] 1#1: start worker process 25
2026/04/24 12:13:43 [notice] 1#1: start worker process 26
2026/04/24 12:13:43 [notice] 1#1: start worker process 27
2026/04/24 12:13:43 [notice] 1#1: start worker process 28
2026/04/24 12:18:15 [notice] 1#1: signal 3 (SIGQUIT) received, shutting down
2026/04/24 12:18:15 [notice] 22#22: gracefully shutting down
2026/04/24 12:18:15 [notice] 26#26: gracefully shutting down
2026/04/24 12:18:15 [notice] 23#23: gracefully shutting down
2026/04/24 12:18:15 [notice] 24#24: gracefully shutting down
2026/04/24 12:18:15 [notice] 21#21: gracefully shutting down
2026/04/24 12:18:15 [notice] 21#21: exiting
2026/04/24 12:18:15 [notice] 25#25: gracefully shutting down
2026/04/24 12:18:15 [notice] 27#27: gracefully shutting down
2026/04/24 12:18:15 [notice] 28#28: gracefully shutting down
2026/04/24 12:18:15 [notice] 22#22: exiting
2026/04/24 12:18:15 [notice] 26#26: exiting
2026/04/24 12:18:15 [notice] 23#23: exiting
2026/04/24 12:18:15 [notice] 24#24: exiting
2026/04/24 12:18:15 [notice] 21#21: exit
2026/04/24 12:18:15 [notice] 25#25: exiting
2026/04/24 12:18:15 [notice] 27#27: exiting
2026/04/24 12:18:15 [notice] 28#28: exiting
2026/04/24 12:18:15 [notice] 22#22: exit
2026/04/24 12:18:15 [notice] 26#26: exit
2026/04/24 12:18:15 [notice] 23#23: exit
2026/04/24 12:18:15 [notice] 24#24: exit
2026/04/24 12:18:15 [notice] 25#25: exit
2026/04/24 12:18:15 [notice] 27#27: exit
2026/04/24 12:18:15 [notice] 28#28: exit
2026/04/24 12:18:15 [notice] 1#1: signal 17 (SIGCHLD) received from 27
2026/04/24 12:18:15 [notice] 1#1: worker process 21 exited with code 0
2026/04/24 12:18:15 [notice] 1#1: worker process 22 exited with code 0
2026/04/24 12:18:15 [notice] 1#1: worker process 23 exited with code 0
2026/04/24 12:18:15 [notice] 1#1: worker process 24 exited with code 0
2026/04/24 12:18:15 [notice] 1#1: worker process 25 exited with code 0
2026/04/24 12:18:15 [notice] 1#1: worker process 26 exited with code 0
2026/04/24 12:18:15 [notice] 1#1: worker process 27 exited with code 0
2026/04/24 12:18:15 [notice] 1#1: worker process 28 exited with code 0
2026/04/24 12:18:15 [notice] 1#1: exit
2026/04/24 12:18:16 [notice] 1#1: using the "epoll" event method
2026/04/24 12:18:16 [notice] 1#1: nginx/1.25.5
2026/04/24 12:18:16 [notice] 1#1: built by gcc 13.2.1 20231014 (Alpine 13.2.1_git20231014) 
2026/04/24 12:18:16 [notice] 1#1: OS: Linux 5.15.153.1-microsoft-standard-WSL2
2026/04/24 12:18:16 [notice] 1#1: getrlimit(RLIMIT_NOFILE): 1048576:1048576
2026/04/24 12:18:16 [notice] 1#1: start worker processes
2026/04/24 12:18:16 [notice] 1#1: start worker process 21
2026/04/24 12:18:16 [notice] 1#1: start worker process 22
2026/04/24 12:18:16 [notice] 1#1: start worker process 23
2026/04/24 12:18:16 [notice] 1#1: start worker process 24
2026/04/24 12:18:16 [notice] 1#1: start worker process 25
2026/04/24 12:18:16 [notice] 1#1: start worker process 26
2026/04/24 12:18:16 [notice] 1#1: start worker process 27
2026/04/24 12:18:16 [notice] 1#1: start worker process 28
2026/04/24 12:18:41 [notice] 1#1: signal 3 (SIGQUIT) received, shutting down
2026/04/24 12:18:41 [notice] 21#21: gracefully shutting down
2026/04/24 12:18:41 [notice] 23#23: gracefully shutting down
2026/04/24 12:18:41 [notice] 27#27: gracefully shutting down
2026/04/24 12:18:41 [notice] 24#24: gracefully shutting down
2026/04/24 12:18:41 [notice] 26#26: gracefully shutting down
2026/04/24 12:18:41 [notice] 25#25: gracefully shutting down
2026/04/24 12:18:41 [notice] 28#28: gracefully shutting down
2026/04/24 12:18:41 [notice] 22#22: gracefully shutting down
2026/04/24 12:18:41 [notice] 21#21: exiting
2026/04/24 12:18:41 [notice] 23#23: exiting
2026/04/24 12:18:41 [notice] 27#27: exiting
2026/04/24 12:18:41 [notice] 24#24: exiting
2026/04/24 12:18:41 [notice] 26#26: exiting
2026/04/24 12:18:41 [notice] 25#25: exiting
2026/04/24 12:18:41 [notice] 28#28: exiting
2026/04/24 12:18:41 [notice] 22#22: exiting
2026/04/24 12:18:41 [notice] 21#21: exit
2026/04/24 12:18:41 [notice] 23#23: exit
2026/04/24 12:18:41 [notice] 27#27: exit
2026/04/24 12:18:41 [notice] 24#24: exit
2026/04/24 12:18:41 [notice] 26#26: exit
2026/04/24 12:18:41 [notice] 25#25: exit
2026/04/24 12:18:41 [notice] 28#28: exit
2026/04/24 12:18:41 [notice] 22#22: exit
2026/04/24 12:18:41 [notice] 1#1: signal 17 (SIGCHLD) received from 21
2026/04/24 12:18:41 [notice] 1#1: worker process 21 exited with code 0
2026/04/24 12:18:41 [notice] 1#1: worker process 22 exited with code 0
2026/04/24 12:18:41 [notice] 1#1: worker process 23 exited with code 0
2026/04/24 12:18:41 [notice] 1#1: worker process 24 exited with code 0
2026/04/24 12:18:41 [notice] 1#1: worker process 26 exited with code 0
2026/04/24 12:18:41 [notice] 1#1: signal 29 (SIGIO) received
2026/04/24 12:18:41 [notice] 1#1: signal 17 (SIGCHLD) received from 25
2026/04/24 12:18:41 [notice] 1#1: worker process 25 exited with code 0
2026/04/24 12:18:41 [notice] 1#1: worker process 27 exited with code 0
2026/04/24 12:18:41 [notice] 1#1: signal 29 (SIGIO) received
2026/04/24 12:18:41 [notice] 1#1: signal 17 (SIGCHLD) received from 28
2026/04/24 12:18:41 [notice] 1#1: worker process 28 exited with code 0
2026/04/24 12:18:41 [notice] 1#1: exit
2026/04/24 12:18:51 [notice] 1#1: using the "epoll" event method
2026/04/24 12:18:51 [notice] 1#1: nginx/1.25.5
2026/04/24 12:18:51 [notice] 1#1: built by gcc 13.2.1 20231014 (Alpine 13.2.1_git20231014) 
2026/04/24 12:18:51 [notice] 1#1: OS: Linux 5.15.153.1-microsoft-standard-WSL2
2026/04/24 12:18:51 [notice] 1#1: getrlimit(RLIMIT_NOFILE): 1048576:1048576
2026/04/24 12:18:51 [notice] 1#1: start worker processes
2026/04/24 12:18:51 [notice] 1#1: start worker process 21
2026/04/24 12:18:51 [notice] 1#1: start worker process 22
2026/04/24 12:18:51 [notice] 1#1: start worker process 23
2026/04/24 12:18:51 [notice] 1#1: start worker process 24
2026/04/24 12:18:51 [notice] 1#1: start worker process 25
2026/04/24 12:18:51 [notice] 1#1: start worker process 26
2026/04/24 12:18:51 [notice] 1#1: start worker process 27
2026/04/24 12:18:51 [notice] 1#1: start worker process 28
2026/04/24 12:28:03 [notice] 1#1: signal 3 (SIGQUIT) received, shutting down
2026/04/24 12:28:03 [notice] 21#21: gracefully shutting down
2026/04/24 12:28:03 [notice] 24#24: gracefully shutting down
2026/04/24 12:28:03 [notice] 25#25: gracefully shutting down
2026/04/24 12:28:03 [notice] 25#25: exiting
2026/04/24 12:28:03 [notice] 22#22: gracefully shutting down
2026/04/24 12:28:03 [notice] 27#27: gracefully shutting down
2026/04/24 12:28:03 [notice] 27#27: exiting
2026/04/24 12:28:03 [notice] 28#28: gracefully shutting down
2026/04/24 12:28:03 [notice] 23#23: gracefully shutting down
2026/04/24 12:28:03 [notice] 26#26: gracefully shutting down
2026/04/24 12:28:03 [notice] 21#21: exiting
2026/04/24 12:28:03 [notice] 24#24: exiting
2026/04/24 12:28:03 [notice] 21#21: exit
2026/04/24 12:28:03 [notice] 25#25: exit
2026/04/24 12:28:03 [notice] 22#22: exiting
2026/04/24 12:28:03 [notice] 27#27: exit
2026/04/24 12:28:03 [notice] 28#28: exiting
2026/04/24 12:28:03 [notice] 28#28: exit
2026/04/24 12:28:03 [notice] 23#23: exiting
2026/04/24 12:28:03 [notice] 26#26: exiting
2026/04/24 12:28:03 [notice] 24#24: exit
2026/04/24 12:28:03 [notice] 22#22: exit
2026/04/24 12:28:03 [notice] 23#23: exit
2026/04/24 12:28:03 [notice] 26#26: exit
2026/04/24 12:28:03 [notice] 1#1: signal 17 (SIGCHLD) received from 24
2026/04/24 12:28:03 [notice] 1#1: worker process 24 exited with code 0
2026/04/24 12:28:03 [notice] 1#1: worker process 25 exited with code 0
2026/04/24 12:28:03 [notice] 1#1: worker process 27 exited with code 0
2026/04/24 12:28:03 [notice] 1#1: worker process 28 exited with code 0
2026/04/24 12:28:03 [notice] 1#1: signal 29 (SIGIO) received
2026/04/24 12:28:03 [notice] 1#1: signal 17 (SIGCHLD) received from 22
2026/04/24 12:28:03 [notice] 1#1: worker process 21 exited with code 0
2026/04/24 12:28:03 [notice] 1#1: worker process 22 exited with code 0
2026/04/24 12:28:03 [notice] 1#1: worker process 23 exited with code 0
2026/04/24 12:28:03 [notice] 1#1: worker process 26 exited with code 0
2026/04/24 12:28:03 [notice] 1#1: exit
2026/04/24 12:28:13 [notice] 1#1: using the "epoll" event method
2026/04/24 12:28:13 [notice] 1#1: nginx/1.25.5
2026/04/24 12:28:13 [notice] 1#1: built by gcc 13.2.1 20231014 (Alpine 13.2.1_git20231014) 
2026/04/24 12:28:13 [notice] 1#1: OS: Linux 5.15.153.1-microsoft-standard-WSL2
2026/04/24 12:28:13 [notice] 1#1: getrlimit(RLIMIT_NOFILE): 1048576:1048576
2026/04/24 12:28:13 [notice] 1#1: start worker processes
2026/04/24 12:28:13 [notice] 1#1: start worker process 20
2026/04/24 12:28:13 [notice] 1#1: start worker process 21
2026/04/24 12:28:13 [notice] 1#1: start worker process 22
2026/04/24 12:28:13 [notice] 1#1: start worker process 23
2026/04/24 12:28:13 [notice] 1#1: start worker process 24
2026/04/24 12:28:13 [notice] 1#1: start worker process 25
2026/04/24 12:28:13 [notice] 1#1: start worker process 26
2026/04/24 12:28:13 [notice] 1#1: start worker process 27
2026/04/24 12:30:27 [notice] 1#1: signal 3 (SIGQUIT) received, shutting down
2026/04/24 12:30:27 [notice] 22#22: gracefully shutting down
2026/04/24 12:30:27 [notice] 21#21: gracefully shutting down
2026/04/24 12:30:27 [notice] 20#20: gracefully shutting down
2026/04/24 12:30:27 [notice] 23#23: gracefully shutting down
2026/04/24 12:30:27 [notice] 26#26: gracefully shutting down
2026/04/24 12:30:27 [notice] 24#24: gracefully shutting down
2026/04/24 12:30:27 [notice] 27#27: gracefully shutting down
2026/04/24 12:30:27 [notice] 25#25: gracefully shutting down
2026/04/24 12:30:27 [notice] 22#22: exiting
2026/04/24 12:30:27 [notice] 21#21: exiting
2026/04/24 12:30:27 [notice] 20#20: exiting
2026/04/24 12:30:27 [notice] 23#23: exiting
2026/04/24 12:30:27 [notice] 26#26: exiting
2026/04/24 12:30:27 [notice] 24#24: exiting
2026/04/24 12:30:27 [notice] 27#27: exiting
2026/04/24 12:30:27 [notice] 25#25: exiting
2026/04/24 12:30:27 [notice] 22#22: exit
2026/04/24 12:30:27 [notice] 21#21: exit
2026/04/24 12:30:27 [notice] 20#20: exit
2026/04/24 12:30:27 [notice] 23#23: exit
2026/04/24 12:30:27 [notice] 26#26: exit
2026/04/24 12:30:27 [notice] 24#24: exit
2026/04/24 12:30:27 [notice] 27#27: exit
2026/04/24 12:30:27 [notice] 25#25: exit
2026/04/24 12:30:27 [notice] 1#1: signal 17 (SIGCHLD) received from 25
2026/04/24 12:30:27 [notice] 1#1: worker process 21 exited with code 0
2026/04/24 12:30:27 [notice] 1#1: worker process 24 exited with code 0
2026/04/24 12:30:27 [notice] 1#1: worker process 25 exited with code 0
2026/04/24 12:30:27 [notice] 1#1: signal 29 (SIGIO) received
2026/04/24 12:30:27 [notice] 1#1: signal 17 (SIGCHLD) received from 22
2026/04/24 12:30:27 [notice] 1#1: worker process 22 exited with code 0
2026/04/24 12:30:27 [notice] 1#1: worker process 27 exited with code 0
2026/04/24 12:30:27 [notice] 1#1: signal 29 (SIGIO) received
2026/04/24 12:30:27 [notice] 1#1: signal 17 (SIGCHLD) received from 26
2026/04/24 12:30:27 [notice] 1#1: worker process 23 exited with code 0
2026/04/24 12:30:27 [notice] 1#1: worker process 26 exited with code 0
2026/04/24 12:30:27 [notice] 1#1: signal 29 (SIGIO) received
2026/04/24 12:30:27 [notice] 1#1: signal 17 (SIGCHLD) received from 23
2026/04/24 12:30:27 [notice] 1#1: signal 17 (SIGCHLD) received from 20
2026/04/24 12:30:27 [notice] 1#1: worker process 20 exited with code 0
2026/04/24 12:30:27 [notice] 1#1: exit
2026/04/24 12:30:39 [notice] 1#1: using the "epoll" event method
2026/04/24 12:30:39 [notice] 1#1: nginx/1.25.5
2026/04/24 12:30:39 [notice] 1#1: built by gcc 13.2.1 20231014 (Alpine 13.2.1_git20231014) 
2026/04/24 12:30:39 [notice] 1#1: OS: Linux 5.15.153.1-microsoft-standard-WSL2
2026/04/24 12:30:39 [notice] 1#1: getrlimit(RLIMIT_NOFILE): 1048576:1048576
2026/04/24 12:30:39 [notice] 1#1: start worker processes
2026/04/24 12:30:39 [notice] 1#1: start worker process 21
2026/04/24 12:30:39 [notice] 1#1: start worker process 22
2026/04/24 12:30:39 [notice] 1#1: start worker process 23
2026/04/24 12:30:39 [notice] 1#1: start worker process 24
2026/04/24 12:30:39 [notice] 1#1: start worker process 25
2026/04/24 12:30:39 [notice] 1#1: start worker process 26
2026/04/24 12:30:39 [notice] 1#1: start worker process 27
2026/04/24 12:30:39 [notice] 1#1: start worker process 28
2026/04/24 12:31:53 [error] 22#22: *3 connect() failed (111: Connection refused) while connecting to upstream, client: 172.21.0.4, server: localhost, request: "GET /health HTTP/1.1", upstream: "fastcgi://172.21.0.4:9000", host: "pharma_nginx"
2026/04/24 12:32:13 [error] 23#23: *5 connect() failed (111: Connection refused) while connecting to upstream, client: 172.21.0.4, server: localhost, request: "GET /health HTTP/1.1", upstream: "fastcgi://172.21.0.4:9000", host: "pharma_nginx"
2026/04/24 12:32:31 [error] 24#24: *7 connect() failed (111: Connection refused) while connecting to upstream, client: 172.21.0.4, server: localhost, request: "POST /api/auth/login HTTP/1.1", upstream: "fastcgi://172.21.0.4:9000", host: "pharma_nginx"
2026/04/24 12:32:55 [notice] 1#1: signal 3 (SIGQUIT) received, shutting down
2026/04/24 12:32:55 [notice] 22#22: gracefully shutting down
2026/04/24 12:32:55 [notice] 27#27: gracefully shutting down
2026/04/24 12:32:55 [notice] 24#24: gracefully shutting down
2026/04/24 12:32:55 [notice] 28#28: gracefully shutting down
2026/04/24 12:32:55 [notice] 23#23: gracefully shutting down
2026/04/24 12:32:55 [notice] 21#21: gracefully shutting down
2026/04/24 12:32:55 [notice] 23#23: exiting
2026/04/24 12:32:55 [notice] 26#26: gracefully shutting down
2026/04/24 12:32:55 [notice] 23#23: exit
2026/04/24 12:32:55 [notice] 22#22: exiting
2026/04/24 12:32:55 [notice] 27#27: exiting
2026/04/24 12:32:55 [notice] 24#24: exiting
2026/04/24 12:32:55 [notice] 28#28: exiting
2026/04/24 12:32:55 [notice] 21#21: exiting
2026/04/24 12:32:55 [notice] 21#21: exit
2026/04/24 12:32:55 [notice] 25#25: gracefully shutting down
2026/04/24 12:32:55 [notice] 26#26: exiting
2026/04/24 12:32:55 [notice] 27#27: exit
2026/04/24 12:32:55 [notice] 22#22: exit
2026/04/24 12:32:55 [notice] 24#24: exit
2026/04/24 12:32:55 [notice] 28#28: exit
2026/04/24 12:32:55 [notice] 25#25: exiting
2026/04/24 12:32:55 [notice] 26#26: exit
2026/04/24 12:32:55 [notice] 25#25: exit
2026/04/24 12:32:55 [notice] 1#1: signal 17 (SIGCHLD) received from 21
2026/04/24 12:32:55 [notice] 1#1: worker process 21 exited with code 0
2026/04/24 12:32:55 [notice] 1#1: worker process 22 exited with code 0
2026/04/24 12:32:55 [notice] 1#1: worker process 23 exited with code 0
2026/04/24 12:32:55 [notice] 1#1: worker process 24 exited with code 0
2026/04/24 12:32:55 [notice] 1#1: worker process 25 exited with code 0
2026/04/24 12:32:55 [notice] 1#1: signal 29 (SIGIO) received
2026/04/24 12:32:55 [notice] 1#1: signal 17 (SIGCHLD) received from 27
2026/04/24 12:32:55 [notice] 1#1: worker process 26 exited with code 0
2026/04/24 12:32:55 [notice] 1#1: worker process 27 exited with code 0
2026/04/24 12:32:55 [notice] 1#1: worker process 28 exited with code 0
2026/04/24 12:32:55 [notice] 1#1: exit
2026/04/24 12:32:57 [notice] 1#1: using the "epoll" event method
2026/04/24 12:32:57 [notice] 1#1: nginx/1.25.5
2026/04/24 12:32:57 [notice] 1#1: built by gcc 13.2.1 20231014 (Alpine 13.2.1_git20231014) 
2026/04/24 12:32:57 [notice] 1#1: OS: Linux 5.15.153.1-microsoft-standard-WSL2
2026/04/24 12:32:57 [notice] 1#1: getrlimit(RLIMIT_NOFILE): 1048576:1048576
2026/04/24 12:32:57 [notice] 1#1: start worker processes
2026/04/24 12:32:57 [notice] 1#1: start worker process 21
2026/04/24 12:32:57 [notice] 1#1: start worker process 22
2026/04/24 12:32:57 [notice] 1#1: start worker process 23
2026/04/24 12:32:57 [notice] 1#1: start worker process 24
2026/04/24 12:32:57 [notice] 1#1: start worker process 25
2026/04/24 12:32:57 [notice] 1#1: start worker process 26
2026/04/24 12:32:57 [notice] 1#1: start worker process 27
2026/04/24 12:32:57 [notice] 1#1: start worker process 28
2026/04/24 12:34:40 [notice] 1#1: signal 3 (SIGQUIT) received, shutting down
2026/04/24 12:34:41 [notice] 21#21: gracefully shutting down
2026/04/24 12:34:41 [notice] 21#21: exiting
2026/04/24 12:34:41 [notice] 22#22: gracefully shutting down
2026/04/24 12:34:41 [notice] 23#23: gracefully shutting down
2026/04/24 12:34:41 [notice] 24#24: gracefully shutting down
2026/04/24 12:34:41 [notice] 25#25: gracefully shutting down
2026/04/24 12:34:41 [notice] 26#26: gracefully shutting down
2026/04/24 12:34:41 [notice] 27#27: gracefully shutting down
2026/04/24 12:34:41 [notice] 27#27: exiting
2026/04/24 12:34:41 [notice] 28#28: gracefully shutting down
2026/04/24 12:34:41 [notice] 21#21: exit
2026/04/24 12:34:41 [notice] 22#22: exiting
2026/04/24 12:34:41 [notice] 23#23: exiting
2026/04/24 12:34:41 [notice] 24#24: exiting
2026/04/24 12:34:41 [notice] 23#23: exit
2026/04/24 12:34:41 [notice] 26#26: exiting
2026/04/24 12:34:41 [notice] 25#25: exiting
2026/04/24 12:34:41 [notice] 27#27: exit
2026/04/24 12:34:41 [notice] 28#28: exiting
2026/04/24 12:34:41 [notice] 22#22: exit
2026/04/24 12:34:41 [notice] 24#24: exit
2026/04/24 12:34:41 [notice] 26#26: exit
2026/04/24 12:34:41 [notice] 25#25: exit
2026/04/24 12:34:41 [notice] 28#28: exit
2026/04/24 12:34:41 [notice] 1#1: signal 17 (SIGCHLD) received from 21
2026/04/24 12:34:41 [notice] 1#1: worker process 21 exited with code 0
2026/04/24 12:34:41 [notice] 1#1: worker process 22 exited with code 0
2026/04/24 12:34:41 [notice] 1#1: worker process 23 exited with code 0
2026/04/24 12:34:41 [notice] 1#1: worker process 24 exited with code 0
2026/04/24 12:34:41 [notice] 1#1: signal 29 (SIGIO) received
2026/04/24 12:34:41 [notice] 1#1: signal 17 (SIGCHLD) received from 27
2026/04/24 12:34:41 [notice] 1#1: worker process 26 exited with code 0
2026/04/24 12:34:41 [notice] 1#1: worker process 27 exited with code 0
2026/04/24 12:34:41 [notice] 1#1: signal 29 (SIGIO) received
2026/04/24 12:34:41 [notice] 1#1: signal 17 (SIGCHLD) received from 28
2026/04/24 12:34:41 [notice] 1#1: worker process 25 exited with code 0
2026/04/24 12:34:41 [notice] 1#1: worker process 28 exited with code 0
2026/04/24 12:34:41 [notice] 1#1: exit
2026/04/24 12:34:42 [notice] 1#1: using the "epoll" event method
2026/04/24 12:34:42 [notice] 1#1: nginx/1.25.5
2026/04/24 12:34:42 [notice] 1#1: built by gcc 13.2.1 20231014 (Alpine 13.2.1_git20231014) 
2026/04/24 12:34:42 [notice] 1#1: OS: Linux 5.15.153.1-microsoft-standard-WSL2
2026/04/24 12:34:42 [notice] 1#1: getrlimit(RLIMIT_NOFILE): 1048576:1048576
2026/04/24 12:34:42 [notice] 1#1: start worker processes
2026/04/24 12:34:42 [notice] 1#1: start worker process 21
2026/04/24 12:34:42 [notice] 1#1: start worker process 22
2026/04/24 12:34:42 [notice] 1#1: start worker process 23
2026/04/24 12:34:42 [notice] 1#1: start worker process 24
2026/04/24 12:34:42 [notice] 1#1: start worker process 25
2026/04/24 12:34:42 [notice] 1#1: start worker process 26
2026/04/24 12:34:42 [notice] 1#1: start worker process 27
2026/04/24 12:34:42 [notice] 1#1: start worker process 28
2026/04/24 14:38:08 [notice] 1#1: signal 3 (SIGQUIT) received, shutting down
2026/04/24 14:38:08 [notice] 21#21: gracefully shutting down
2026/04/24 14:38:08 [notice] 25#25: gracefully shutting down
2026/04/24 14:38:08 [notice] 24#24: gracefully shutting down
2026/04/24 14:38:08 [notice] 28#28: gracefully shutting down
2026/04/24 14:38:08 [notice] 26#26: gracefully shutting down
2026/04/24 14:38:08 [notice] 23#23: gracefully shutting down
2026/04/24 14:38:08 [notice] 22#22: gracefully shutting down
2026/04/24 14:38:08 [notice] 27#27: gracefully shutting down
2026/04/24 14:38:08 [notice] 21#21: exiting
2026/04/24 14:38:08 [notice] 25#25: exiting
2026/04/24 14:38:08 [notice] 24#24: exiting
2026/04/24 14:38:08 [notice] 26#26: exiting
2026/04/24 14:38:08 [notice] 28#28: exiting
2026/04/24 14:38:08 [notice] 23#23: exiting
2026/04/24 14:38:08 [notice] 22#22: exiting
2026/04/24 14:38:08 [notice] 21#21: exit
2026/04/24 14:38:08 [notice] 25#25: exit
2026/04/24 14:38:08 [notice] 24#24: exit
2026/04/24 14:38:08 [notice] 27#27: exiting
2026/04/24 14:38:08 [notice] 28#28: exit
2026/04/24 14:38:08 [notice] 23#23: exit
2026/04/24 14:38:08 [notice] 26#26: exit
2026/04/24 14:38:08 [notice] 22#22: exit
2026/04/24 14:38:08 [notice] 27#27: exit
2026/04/24 14:38:08 [notice] 1#1: signal 17 (SIGCHLD) received from 22
2026/04/24 14:38:08 [notice] 1#1: worker process 22 exited with code 0
2026/04/24 14:38:08 [notice] 1#1: worker process 25 exited with code 0
2026/04/24 14:38:08 [notice] 1#1: signal 29 (SIGIO) received
2026/04/24 14:38:08 [notice] 1#1: signal 17 (SIGCHLD) received from 25
2026/04/24 14:38:08 [notice] 1#1: signal 17 (SIGCHLD) received from 27
2026/04/24 14:38:08 [notice] 1#1: worker process 21 exited with code 0
2026/04/24 14:38:08 [notice] 1#1: worker process 26 exited with code 0
2026/04/24 14:38:08 [notice] 1#1: worker process 27 exited with code 0
2026/04/24 14:38:08 [notice] 1#1: signal 29 (SIGIO) received
2026/04/24 14:38:08 [notice] 1#1: signal 17 (SIGCHLD) received from 21
2026/04/24 14:38:08 [notice] 1#1: signal 17 (SIGCHLD) received from 28
2026/04/24 14:38:08 [notice] 1#1: worker process 28 exited with code 0
2026/04/24 14:38:08 [notice] 1#1: signal 29 (SIGIO) received
2026/04/24 14:38:08 [notice] 1#1: signal 17 (SIGCHLD) received from 23
2026/04/24 14:38:08 [notice] 1#1: worker process 23 exited with code 0
2026/04/24 14:38:08 [notice] 1#1: signal 29 (SIGIO) received
2026/04/24 14:38:08 [notice] 1#1: signal 17 (SIGCHLD) received from 24
2026/04/24 14:38:08 [notice] 1#1: worker process 24 exited with code 0
2026/04/24 14:38:08 [notice] 1#1: exit
2026/04/24 14:38:09 [notice] 1#1: using the "epoll" event method
2026/04/24 14:38:09 [notice] 1#1: nginx/1.25.5
2026/04/24 14:38:09 [notice] 1#1: built by gcc 13.2.1 20231014 (Alpine 13.2.1_git20231014) 
2026/04/24 14:38:09 [notice] 1#1: OS: Linux 5.15.153.1-microsoft-standard-WSL2
2026/04/24 14:38:09 [notice] 1#1: getrlimit(RLIMIT_NOFILE): 1048576:1048576
2026/04/24 14:38:09 [notice] 1#1: start worker processes
2026/04/24 14:38:09 [notice] 1#1: start worker process 22
2026/04/24 14:38:09 [notice] 1#1: start worker process 23
2026/04/24 14:38:09 [notice] 1#1: start worker process 24
2026/04/24 14:38:09 [notice] 1#1: start worker process 25
2026/04/24 14:38:09 [notice] 1#1: start worker process 26
2026/04/24 14:38:09 [notice] 1#1: start worker process 27
2026/04/24 14:38:09 [notice] 1#1: start worker process 28
2026/04/24 14:38:09 [notice] 1#1: start worker process 29
2026/04/24 14:38:14 [error] 22#22: *1 open() "/var/www/html/public/favicon.ico" failed (2: No such file or directory), client: 172.21.0.1, server: localhost, request: "GET /favicon.ico HTTP/1.1", host: "localhost:8080", referrer: "http://localhost:8080/"
2026/04/24 14:38:17 [error] 22#22: *1 open() "/var/www/html/public/favicon.ico" failed (2: No such file or directory), client: 172.21.0.1, server: localhost, request: "GET /favicon.ico HTTP/1.1", host: "localhost:8080", referrer: "http://localhost:8080/"
2026/04/24 14:38:18 [error] 22#22: *1 open() "/var/www/html/public/favicon.ico" failed (2: No such file or directory), client: 172.21.0.1, server: localhost, request: "GET /favicon.ico HTTP/1.1", host: "localhost:8080", referrer: "http://localhost:8080/"
2026/04/24 14:38:18 [error] 22#22: *1 open() "/var/www/html/public/favicon.ico" failed (2: No such file or directory), client: 172.21.0.1, server: localhost, request: "GET /favicon.ico HTTP/1.1", host: "localhost:8080", referrer: "http://localhost:8080/"
2026/04/24 14:38:18 [error] 22#22: *1 open() "/var/www/html/public/favicon.ico" failed (2: No such file or directory), client: 172.21.0.1, server: localhost, request: "GET /favicon.ico HTTP/1.1", host: "localhost:8080", referrer: "http://localhost:8080/"
2026/04/24 14:38:18 [error] 22#22: *1 open() "/var/www/html/public/favicon.ico" failed (2: No such file or directory), client: 172.21.0.1, server: localhost, request: "GET /favicon.ico HTTP/1.1", host: "localhost:8080", referrer: "http://localhost:8080/"
2026/04/24 14:38:18 [error] 22#22: *1 open() "/var/www/html/public/favicon.ico" failed (2: No such file or directory), client: 172.21.0.1, server: localhost, request: "GET /favicon.ico HTTP/1.1", host: "localhost:8080", referrer: "http://localhost:8080/"
2026/04/24 14:38:19 [error] 22#22: *1 open() "/var/www/html/public/favicon.ico" failed (2: No such file or directory), client: 172.21.0.1, server: localhost, request: "GET /favicon.ico HTTP/1.1", host: "localhost:8080", referrer: "http://localhost:8080/"
2026/04/24 14:38:20 [error] 22#22: *1 open() "/var/www/html/public/favicon.ico" failed (2: No such file or directory), client: 172.21.0.1, server: localhost, request: "GET /favicon.ico HTTP/1.1", host: "localhost:8080", referrer: "http://localhost:8080/"
2026/04/24 14:38:20 [error] 22#22: *1 open() "/var/www/html/public/favicon.ico" failed (2: No such file or directory), client: 172.21.0.1, server: localhost, request: "GET /favicon.ico HTTP/1.1", host: "localhost:8080", referrer: "http://localhost:8080/"
2026/04/24 14:38:20 [error] 22#22: *1 open() "/var/www/html/public/favicon.ico" failed (2: No such file or directory), client: 172.21.0.1, server: localhost, request: "GET /favicon.ico HTTP/1.1", host: "localhost:8080", referrer: "http://localhost:8080/"
2026/04/24 14:38:20 [error] 22#22: *1 open() "/var/www/html/public/favicon.ico" failed (2: No such file or directory), client: 172.21.0.1, server: localhost, request: "GET /favicon.ico HTTP/1.1", host: "localhost:8080", referrer: "http://localhost:8080/"
2026/04/24 14:38:22 [error] 22#22: *1 access forbidden by rule, client: 172.21.0.1, server: localhost, request: "GET /.well-known/appspecific/com.chrome.devtools.json HTTP/1.1", host: "localhost:8080"
2026/04/24 14:41:04 [error] 23#23: *14 open() "/var/www/html/public/favicon.ico" failed (2: No such file or directory), client: 172.21.0.1, server: localhost, request: "GET /favicon.ico HTTP/1.1", host: "localhost:8080", referrer: "http://localhost:8080/api/auth/login"
2026/04/24 14:41:06 [error] 23#23: *14 open() "/var/www/html/public/favicon.ico" failed (2: No such file or directory), client: 172.21.0.1, server: localhost, request: "GET /favicon.ico HTTP/1.1", host: "localhost:8080", referrer: "http://localhost:8080/api/auth/login"
2026/04/24 14:52:23 [notice] 1#1: signal 3 (SIGQUIT) received, shutting down
2026/04/24 14:52:23 [notice] 22#22: gracefully shutting down
2026/04/24 14:52:23 [notice] 27#27: gracefully shutting down
2026/04/24 14:52:23 [notice] 24#24: gracefully shutting down
2026/04/24 14:52:23 [notice] 29#29: gracefully shutting down
2026/04/24 14:52:23 [notice] 25#25: gracefully shutting down
2026/04/24 14:52:23 [notice] 26#26: gracefully shutting down
2026/04/24 14:52:23 [notice] 28#28: gracefully shutting down
2026/04/24 14:52:23 [notice] 26#26: exiting
2026/04/24 14:52:23 [notice] 23#23: gracefully shutting down
2026/04/24 14:52:23 [notice] 27#27: exiting
2026/04/24 14:52:23 [notice] 22#22: exiting
2026/04/24 14:52:23 [notice] 29#29: exiting
2026/04/24 14:52:23 [notice] 24#24: exiting
2026/04/24 14:52:23 [notice] 25#25: exiting
2026/04/24 14:52:23 [notice] 28#28: exiting
2026/04/24 14:52:23 [notice] 26#26: exit
2026/04/24 14:52:23 [notice] 23#23: exiting
2026/04/24 14:52:23 [notice] 27#27: exit
2026/04/24 14:52:23 [notice] 22#22: exit
2026/04/24 14:52:23 [notice] 29#29: exit
2026/04/24 14:52:23 [notice] 24#24: exit
2026/04/24 14:52:23 [notice] 25#25: exit
2026/04/24 14:52:23 [notice] 28#28: exit
2026/04/24 14:52:23 [notice] 23#23: exit
2026/04/24 14:52:23 [notice] 1#1: signal 17 (SIGCHLD) received from 24
2026/04/24 14:52:23 [notice] 1#1: worker process 22 exited with code 0
2026/04/24 14:52:23 [notice] 1#1: worker process 23 exited with code 0
2026/04/24 14:52:23 [notice] 1#1: worker process 24 exited with code 0
2026/04/24 14:52:23 [notice] 1#1: worker process 26 exited with code 0
2026/04/24 14:52:23 [notice] 1#1: worker process 27 exited with code 0
2026/04/24 14:52:23 [notice] 1#1: worker process 28 exited with code 0
2026/04/24 14:52:23 [notice] 1#1: worker process 29 exited with code 0
2026/04/24 14:52:23 [notice] 1#1: signal 29 (SIGIO) received
2026/04/24 14:52:23 [notice] 1#1: signal 17 (SIGCHLD) received from 29
2026/04/24 14:52:23 [notice] 1#1: signal 17 (SIGCHLD) received from 25
2026/04/24 14:52:23 [notice] 1#1: worker process 25 exited with code 0
2026/04/24 14:52:23 [notice] 1#1: exit
2026/04/24 14:52:24 [notice] 1#1: using the "epoll" event method
2026/04/24 14:52:24 [notice] 1#1: nginx/1.25.5
2026/04/24 14:52:24 [notice] 1#1: built by gcc 13.2.1 20231014 (Alpine 13.2.1_git20231014) 
2026/04/24 14:52:24 [notice] 1#1: OS: Linux 5.15.153.1-microsoft-standard-WSL2
2026/04/24 14:52:24 [notice] 1#1: getrlimit(RLIMIT_NOFILE): 1048576:1048576
2026/04/24 14:52:24 [notice] 1#1: start worker processes
2026/04/24 14:52:24 [notice] 1#1: start worker process 21
2026/04/24 14:52:24 [notice] 1#1: start worker process 22
2026/04/24 14:52:24 [notice] 1#1: start worker process 23
2026/04/24 14:52:24 [notice] 1#1: start worker process 24
2026/04/24 14:52:24 [notice] 1#1: start worker process 25
2026/04/24 14:52:24 [notice] 1#1: start worker process 26
2026/04/24 14:52:24 [notice] 1#1: start worker process 27
2026/04/24 14:52:24 [notice] 1#1: start worker process 28
2026/04/24 14:52:34 [error] 22#22: *2 open() "/var/www/html/public/favicon.ico" failed (2: No such file or directory), client: 172.21.0.1, server: localhost, request: "GET /favicon.ico HTTP/1.1", host: "localhost:8080", referrer: "http://localhost:8080/"
2026/04/24 14:52:36 [error] 22#22: *2 open() "/var/www/html/public/favicon.ico" failed (2: No such file or directory), client: 172.21.0.1, server: localhost, request: "GET /favicon.ico HTTP/1.1", host: "localhost:8080", referrer: "http://localhost:8080/"
2026/04/24 15:28:19 [notice] 1#1: signal 3 (SIGQUIT) received, shutting down
2026/04/24 15:28:19 [notice] 22#22: gracefully shutting down
2026/04/24 15:28:19 [notice] 28#28: gracefully shutting down
2026/04/24 15:28:19 [notice] 21#21: gracefully shutting down
2026/04/24 15:28:19 [notice] 22#22: exiting
2026/04/24 15:28:19 [notice] 24#24: gracefully shutting down
2026/04/24 15:28:19 [notice] 22#22: exit
2026/04/24 15:28:19 [notice] 23#23: gracefully shutting down
2026/04/24 15:28:19 [notice] 25#25: gracefully shutting down
2026/04/24 15:28:19 [notice] 26#26: gracefully shutting down
2026/04/24 15:28:19 [notice] 27#27: gracefully shutting down
2026/04/24 15:28:19 [notice] 28#28: exiting
2026/04/24 15:28:19 [notice] 27#27: exiting
2026/04/24 15:28:19 [notice] 21#21: exiting
2026/04/24 15:28:19 [notice] 24#24: exiting
2026/04/24 15:28:19 [notice] 23#23: exiting
2026/04/24 15:28:19 [notice] 25#25: exiting
2026/04/24 15:28:19 [notice] 26#26: exiting
2026/04/24 15:28:19 [notice] 28#28: exit
2026/04/24 15:28:19 [notice] 27#27: exit
2026/04/24 15:28:19 [notice] 21#21: exit
2026/04/24 15:28:19 [notice] 24#24: exit
2026/04/24 15:28:19 [notice] 23#23: exit
2026/04/24 15:28:19 [notice] 25#25: exit
2026/04/24 15:28:19 [notice] 26#26: exit
2026/04/24 15:28:19 [notice] 1#1: signal 17 (SIGCHLD) received from 21
2026/04/24 15:28:19 [notice] 1#1: worker process 21 exited with code 0
2026/04/24 15:28:19 [notice] 1#1: worker process 25 exited with code 0
2026/04/24 15:28:19 [notice] 1#1: worker process 26 exited with code 0
2026/04/24 15:28:19 [notice] 1#1: worker process 28 exited with code 0
2026/04/24 15:28:19 [notice] 1#1: signal 29 (SIGIO) received
2026/04/24 15:28:19 [notice] 1#1: signal 17 (SIGCHLD) received from 24
2026/04/24 15:28:19 [notice] 1#1: worker process 22 exited with code 0
2026/04/24 15:28:19 [notice] 1#1: worker process 23 exited with code 0
2026/04/24 15:28:19 [notice] 1#1: worker process 24 exited with code 0
2026/04/24 15:28:19 [notice] 1#1: worker process 27 exited with code 0
2026/04/24 15:28:19 [notice] 1#1: exit
2026/04/24 15:28:25 [notice] 1#1: using the "epoll" event method
2026/04/24 15:28:25 [notice] 1#1: nginx/1.25.5
2026/04/24 15:28:25 [notice] 1#1: built by gcc 13.2.1 20231014 (Alpine 13.2.1_git20231014) 
2026/04/24 15:28:25 [notice] 1#1: OS: Linux 5.15.153.1-microsoft-standard-WSL2
2026/04/24 15:28:25 [notice] 1#1: getrlimit(RLIMIT_NOFILE): 1048576:1048576
2026/04/24 15:28:25 [notice] 1#1: start worker processes
2026/04/24 15:28:25 [notice] 1#1: start worker process 21
2026/04/24 15:28:25 [notice] 1#1: start worker process 22
2026/04/24 15:28:25 [notice] 1#1: start worker process 23
2026/04/24 15:28:25 [notice] 1#1: start worker process 24
2026/04/24 15:28:25 [notice] 1#1: start worker process 25
2026/04/24 15:28:25 [notice] 1#1: start worker process 26
2026/04/24 15:28:25 [notice] 1#1: start worker process 27
2026/04/24 15:28:25 [notice] 1#1: start worker process 28
2026/04/24 15:28:29 [error] 22#22: *3 open() "/var/www/html/public/favicon.ico" failed (2: No such file or directory), client: 172.21.0.1, server: localhost, request: "GET /favicon.ico HTTP/1.1", host: "localhost:8080", referrer: "http://localhost:8080/"
2026/04/24 16:06:28 [notice] 1#1: signal 3 (SIGQUIT) received, shutting down
2026/04/24 16:06:28 [notice] 25#25: gracefully shutting down
2026/04/24 16:06:28 [notice] 22#22: gracefully shutting down
2026/04/24 16:06:28 [notice] 24#24: gracefully shutting down
2026/04/24 16:06:28 [notice] 21#21: gracefully shutting down
2026/04/24 16:06:28 [notice] 27#27: gracefully shutting down
2026/04/24 16:06:28 [notice] 23#23: gracefully shutting down
2026/04/24 16:06:28 [notice] 26#26: gracefully shutting down
2026/04/24 16:06:28 [notice] 28#28: gracefully shutting down
2026/04/24 16:06:28 [notice] 25#25: exiting
2026/04/24 16:06:28 [notice] 22#22: exiting
2026/04/24 16:06:28 [notice] 24#24: exiting
2026/04/24 16:06:28 [notice] 21#21: exiting
2026/04/24 16:06:28 [notice] 27#27: exiting
2026/04/24 16:06:28 [notice] 23#23: exiting
2026/04/24 16:06:28 [notice] 26#26: exiting
2026/04/24 16:06:28 [notice] 28#28: exiting
2026/04/24 16:06:28 [notice] 22#22: exit
2026/04/24 16:06:28 [notice] 25#25: exit
2026/04/24 16:06:28 [notice] 24#24: exit
2026/04/24 16:06:28 [notice] 21#21: exit
2026/04/24 16:06:28 [notice] 27#27: exit
2026/04/24 16:06:28 [notice] 23#23: exit
2026/04/24 16:06:28 [notice] 26#26: exit
2026/04/24 16:06:28 [notice] 28#28: exit
2026/04/24 16:06:28 [notice] 1#1: signal 17 (SIGCHLD) received from 27
2026/04/24 16:06:28 [notice] 1#1: worker process 22 exited with code 0
2026/04/24 16:06:28 [notice] 1#1: worker process 27 exited with code 0
2026/04/24 16:06:28 [notice] 1#1: signal 29 (SIGIO) received
2026/04/24 16:06:28 [notice] 1#1: signal 17 (SIGCHLD) received from 21
2026/04/24 16:06:28 [notice] 1#1: worker process 21 exited with code 0
2026/04/24 16:06:28 [notice] 1#1: worker process 25 exited with code 0
2026/04/24 16:06:28 [notice] 1#1: signal 29 (SIGIO) received
2026/04/24 16:06:28 [notice] 1#1: signal 17 (SIGCHLD) received from 24
2026/04/24 16:06:28 [notice] 1#1: worker process 24 exited with code 0
2026/04/24 16:06:28 [notice] 1#1: worker process 26 exited with code 0
2026/04/24 16:06:28 [notice] 1#1: worker process 28 exited with code 0
2026/04/24 16:06:28 [notice] 1#1: signal 29 (SIGIO) received
2026/04/24 16:06:28 [notice] 1#1: signal 17 (SIGCHLD) received from 26
2026/04/24 16:06:28 [notice] 1#1: signal 17 (SIGCHLD) received from 23
2026/04/24 16:06:28 [notice] 1#1: worker process 23 exited with code 0
2026/04/24 16:06:28 [notice] 1#1: exit
2026/04/24 16:06:29 [notice] 1#1: using the "epoll" event method
2026/04/24 16:06:29 [notice] 1#1: nginx/1.25.5
2026/04/24 16:06:29 [notice] 1#1: built by gcc 13.2.1 20231014 (Alpine 13.2.1_git20231014) 
2026/04/24 16:06:29 [notice] 1#1: OS: Linux 5.15.153.1-microsoft-standard-WSL2
2026/04/24 16:06:29 [notice] 1#1: getrlimit(RLIMIT_NOFILE): 1048576:1048576
2026/04/24 16:06:29 [notice] 1#1: start worker processes
2026/04/24 16:06:29 [notice] 1#1: start worker process 29
2026/04/24 16:06:29 [notice] 1#1: start worker process 30
2026/04/24 16:06:29 [notice] 1#1: start worker process 31
2026/04/24 16:06:29 [notice] 1#1: start worker process 32
2026/04/24 16:06:29 [notice] 1#1: start worker process 33
2026/04/24 16:06:29 [notice] 1#1: start worker process 34
2026/04/24 16:06:29 [notice] 1#1: start worker process 35
2026/04/24 16:06:29 [notice] 1#1: start worker process 36
2026/04/24 16:06:45 [error] 29#29: *1 open() "/var/www/html/public404" failed (2: No such file or directory), client: 172.21.0.1, server: localhost, request: "GET /login HTTP/1.1", host: "localhost:8080"
2026/04/24 16:08:04 [notice] 1#1: signal 3 (SIGQUIT) received, shutting down
2026/04/24 16:08:04 [notice] 30#30: gracefully shutting down
2026/04/24 16:08:04 [notice] 32#32: gracefully shutting down
2026/04/24 16:08:04 [notice] 31#31: gracefully shutting down
2026/04/24 16:08:04 [notice] 33#33: gracefully shutting down
2026/04/24 16:08:04 [notice] 29#29: gracefully shutting down
2026/04/24 16:08:04 [notice] 34#34: gracefully shutting down
2026/04/24 16:08:04 [notice] 36#36: gracefully shutting down
2026/04/24 16:08:04 [notice] 35#35: gracefully shutting down
2026/04/24 16:08:04 [notice] 30#30: exiting
2026/04/24 16:08:04 [notice] 32#32: exiting
2026/04/24 16:08:04 [notice] 31#31: exiting
2026/04/24 16:08:04 [notice] 33#33: exiting
2026/04/24 16:08:04 [notice] 29#29: exiting
2026/04/24 16:08:04 [notice] 34#34: exiting
2026/04/24 16:08:04 [notice] 36#36: exiting
2026/04/24 16:08:04 [notice] 35#35: exiting
2026/04/24 16:08:04 [notice] 30#30: exit
2026/04/24 16:08:04 [notice] 32#32: exit
2026/04/24 16:08:04 [notice] 31#31: exit
2026/04/24 16:08:04 [notice] 33#33: exit
2026/04/24 16:08:04 [notice] 29#29: exit
2026/04/24 16:08:04 [notice] 34#34: exit
2026/04/24 16:08:04 [notice] 36#36: exit
2026/04/24 16:08:04 [notice] 35#35: exit
2026/04/24 16:08:04 [notice] 1#1: signal 17 (SIGCHLD) received from 31
2026/04/24 16:08:04 [notice] 1#1: worker process 31 exited with code 0
2026/04/24 16:08:04 [notice] 1#1: worker process 34 exited with code 0
2026/04/24 16:08:04 [notice] 1#1: worker process 36 exited with code 0
2026/04/24 16:08:04 [notice] 1#1: signal 29 (SIGIO) received
2026/04/24 16:08:04 [notice] 1#1: signal 17 (SIGCHLD) received from 30
2026/04/24 16:08:04 [notice] 1#1: worker process 29 exited with code 0
2026/04/24 16:08:04 [notice] 1#1: worker process 30 exited with code 0
2026/04/24 16:08:04 [notice] 1#1: worker process 32 exited with code 0
2026/04/24 16:08:04 [notice] 1#1: worker process 33 exited with code 0
2026/04/24 16:08:04 [notice] 1#1: worker process 35 exited with code 0
2026/04/24 16:08:04 [notice] 1#1: exit
2026/04/24 16:08:05 [notice] 1#1: using the "epoll" event method
2026/04/24 16:08:05 [notice] 1#1: nginx/1.25.5
2026/04/24 16:08:05 [notice] 1#1: built by gcc 13.2.1 20231014 (Alpine 13.2.1_git20231014) 
2026/04/24 16:08:05 [notice] 1#1: OS: Linux 5.15.153.1-microsoft-standard-WSL2
2026/04/24 16:08:05 [notice] 1#1: getrlimit(RLIMIT_NOFILE): 1048576:1048576
2026/04/24 16:08:05 [notice] 1#1: start worker processes
2026/04/24 16:08:05 [notice] 1#1: start worker process 29
2026/04/24 16:08:05 [notice] 1#1: start worker process 30
2026/04/24 16:08:05 [notice] 1#1: start worker process 31
2026/04/24 16:08:05 [notice] 1#1: start worker process 32
2026/04/24 16:08:05 [notice] 1#1: start worker process 33
2026/04/24 16:08:05 [notice] 1#1: start worker process 34
2026/04/24 16:08:05 [notice] 1#1: start worker process 35
2026/04/24 16:08:05 [notice] 1#1: start worker process 36
2026/04/24 16:08:08 [error] 31#31: *3 open() "/var/www/html/public/favicon.ico" failed (2: No such file or directory), client: 172.21.0.1, server: localhost, request: "GET /favicon.ico HTTP/1.1", host: "localhost:8080", referrer: "http://localhost:8080/index.html"
2026/04/24 16:08:46 [error] 31#31: *3 access forbidden by rule, client: 172.21.0.1, server: localhost, request: "GET /.well-known/appspecific/com.chrome.devtools.json HTTP/1.1", host: "localhost:8080"
2026/04/24 16:15:38 [error] 32#32: *5 access forbidden by rule, client: 172.21.0.1, server: localhost, request: "GET /.well-known/appspecific/com.chrome.devtools.json HTTP/1.1", host: "localhost:8080"
2026/04/26 15:48:59 [notice] 1#1: using the "epoll" event method
2026/04/26 15:48:59 [notice] 1#1: nginx/1.25.5
2026/04/26 15:48:59 [notice] 1#1: built by gcc 13.2.1 20231014 (Alpine 13.2.1_git20231014) 
2026/04/26 15:48:59 [notice] 1#1: OS: Linux 5.15.153.1-microsoft-standard-WSL2
2026/04/26 15:48:59 [notice] 1#1: getrlimit(RLIMIT_NOFILE): 1048576:1048576
2026/04/26 15:48:59 [notice] 1#1: start worker processes
2026/04/26 15:48:59 [notice] 1#1: start worker process 29
2026/04/26 15:48:59 [notice] 1#1: start worker process 30
2026/04/26 15:48:59 [notice] 1#1: start worker process 31
2026/04/26 15:48:59 [notice] 1#1: start worker process 32
2026/04/26 15:48:59 [notice] 1#1: start worker process 33
2026/04/26 15:48:59 [notice] 1#1: start worker process 34
2026/04/26 15:48:59 [notice] 1#1: start worker process 35
2026/04/26 15:48:59 [notice] 1#1: start worker process 36
